// Jest Snapshot v1, https://goo.gl/fbAQLP

exports[`renders and behaves correctly 1`] = `
ShallowWrapper {
  "length": 1,
  Symbol(enzyme.__root__): [Circular],
  Symbol(enzyme.__unrendered__): <NavigationList
    fetching={false}
    items={
      Array [
        Object {
          "key": "item1Key",
          "label": "item1Label",
          "route": "item1Route",
        },
        Object {
          "key": "item2Key",
          "label": "item2Label",
          "params": Object {
            "id": 2,
          },
          "route": "item2Route",
        },
      ]
    }
    navigation={
      Object {
        "navigate": [Function],
      }
    }
    onRefresh={[Function]}
  />,
  Symbol(enzyme.__renderer__): Object {
    "batchedUpdates": [Function],
    "getNode": [Function],
    "render": [Function],
    "simulateEvent": [Function],
    "unmount": [Function],
  },
  Symbol(enzyme.__node__): Object {
    "instance": null,
    "key": undefined,
    "nodeType": "class",
    "props": Object {
      "children": <FlatList
        data={
          Array [
            Object {
              "key": "item1Key",
              "label": "item1Label",
              "route": "item1Route",
            },
            Object {
              "key": "item2Key",
              "label": "item2Label",
              "params": Object {
                "id": 2,
              },
              "route": "item2Route",
            },
          ]
        }
        disableVirtualization={false}
        horizontal={false}
        initialNumToRender={10}
        keyExtractor={[Function]}
        maxToRenderPerBatch={10}
        numColumns={1}
        onEndReachedThreshold={2}
        renderItem={[Function]}
        scrollEventThrottle={50}
        updateCellsBatchingPeriod={50}
        windowSize={21}
      />,
      "refreshControl": <RefreshControlMock
        onRefresh={[Function]}
        refreshing={false}
      />,
      "style": Object {
        "backgroundColor": undefined,
        "flex": 1,
      },
    },
    "ref": null,
    "rendered": Object {
      "instance": null,
      "key": undefined,
      "nodeType": "class",
      "props": Object {
        "data": Array [
          Object {
            "key": "item1Key",
            "label": "item1Label",
            "route": "item1Route",
          },
          Object {
            "key": "item2Key",
            "label": "item2Label",
            "params": Object {
              "id": 2,
            },
            "route": "item2Route",
          },
        ],
        "disableVirtualization": false,
        "horizontal": false,
        "initialNumToRender": 10,
        "keyExtractor": [Function],
        "maxToRenderPerBatch": 10,
        "numColumns": 1,
        "onEndReachedThreshold": 2,
        "renderItem": [Function],
        "scrollEventThrottle": 50,
        "updateCellsBatchingPeriod": 50,
        "windowSize": 21,
      },
      "ref": null,
      "rendered": null,
      "type": [Function],
    },
    "type": [MockFunction],
  },
  Symbol(enzyme.__nodes__): Array [
    Object {
      "instance": null,
      "key": undefined,
      "nodeType": "class",
      "props": Object {
        "children": <FlatList
          data={
            Array [
              Object {
                "key": "item1Key",
                "label": "item1Label",
                "route": "item1Route",
              },
              Object {
                "key": "item2Key",
                "label": "item2Label",
                "params": Object {
                  "id": 2,
                },
                "route": "item2Route",
              },
            ]
          }
          disableVirtualization={false}
          horizontal={false}
          initialNumToRender={10}
          keyExtractor={[Function]}
          maxToRenderPerBatch={10}
          numColumns={1}
          onEndReachedThreshold={2}
          renderItem={[Function]}
          scrollEventThrottle={50}
          updateCellsBatchingPeriod={50}
          windowSize={21}
        />,
        "refreshControl": <RefreshControlMock
          onRefresh={[Function]}
          refreshing={false}
        />,
        "style": Object {
          "backgroundColor": undefined,
          "flex": 1,
        },
      },
      "ref": null,
      "rendered": Object {
        "instance": null,
        "key": undefined,
        "nodeType": "class",
        "props": Object {
          "data": Array [
            Object {
              "key": "item1Key",
              "label": "item1Label",
              "route": "item1Route",
            },
            Object {
              "key": "item2Key",
              "label": "item2Label",
              "params": Object {
                "id": 2,
              },
              "route": "item2Route",
            },
          ],
          "disableVirtualization": false,
          "horizontal": false,
          "initialNumToRender": 10,
          "keyExtractor": [Function],
          "maxToRenderPerBatch": 10,
          "numColumns": 1,
          "onEndReachedThreshold": 2,
          "renderItem": [Function],
          "scrollEventThrottle": 50,
          "updateCellsBatchingPeriod": 50,
          "windowSize": 21,
        },
        "ref": null,
        "rendered": null,
        "type": [Function],
      },
      "type": [MockFunction],
    },
  ],
  Symbol(enzyme.__options__): Object {
    "adapter": ReactSixteenAdapter {
      "options": Object {
        "enableComponentDidUpdateOnSetState": true,
      },
    },
  },
}
`;
