// Jest Snapshot v1, https://goo.gl/fbAQLP

exports[`renders and behaves correctly 1`] = `
ShallowWrapper {
  "length": 1,
  Symbol(enzyme.__root__): [Circular],
  Symbol(enzyme.__unrendered__): <TextLink
    data={
      Object {
        "name": "test",
        "route": "testRoute",
      }
    }
    nav={
      Object {
        "navigate": [Function],
      }
    }
    textStyle={Object {}}
  />,
  Symbol(enzyme.__renderer__): Object {
    "batchedUpdates": [Function],
    "getNode": [Function],
    "render": [Function],
    "simulateEvent": [Function],
    "unmount": [Function],
  },
  Symbol(enzyme.__node__): Object {
    "instance": null,
    "key": undefined,
    "nodeType": "class",
    "props": Object {
      "activeOpacity": 0.2,
      "children": <View
        style={
          Object {
            "flex": 1,
            "flexDirection": "row",
          }
        }
      >
        <Text
          accessible={true}
          allowFontScaling={true}
          ellipsizeMode="tail"
          style={
            Array [
              Object {},
              Object {
                "flex": 1,
              },
            ]
          }
        >
          test
        </Text>
        <Icon
          allowFontScaling={false}
          color="#808080"
          name="ios-arrow-forward"
          size={20}
          style={
            Object {
              "alignSelf": "center",
              "justifyContent": "flex-end",
            }
          }
        />
      </View>,
      "onPress": [Function],
      "style": Object {
        "flex": 1,
      },
      "underlayColor": "#00000000",
    },
    "ref": null,
    "rendered": Object {
      "instance": null,
      "key": undefined,
      "nodeType": "class",
      "props": Object {
        "children": Array [
          <Text
            accessible={true}
            allowFontScaling={true}
            ellipsizeMode="tail"
            style={
              Array [
                Object {},
                Object {
                  "flex": 1,
                },
              ]
            }
          >
            test
          </Text>,
          <Icon
            allowFontScaling={false}
            color="#808080"
            name="ios-arrow-forward"
            size={20}
            style={
              Object {
                "alignSelf": "center",
                "justifyContent": "flex-end",
              }
            }
          />,
        ],
        "style": Object {
          "flex": 1,
          "flexDirection": "row",
        },
      },
      "ref": null,
      "rendered": Array [
        Object {
          "instance": null,
          "key": undefined,
          "nodeType": "class",
          "props": Object {
            "accessible": true,
            "allowFontScaling": true,
            "children": "test",
            "ellipsizeMode": "tail",
            "style": Array [
              Object {},
              Object {
                "flex": 1,
              },
            ],
          },
          "ref": null,
          "rendered": "test",
          "type": [Function],
        },
        Object {
          "instance": null,
          "key": undefined,
          "nodeType": "class",
          "props": Object {
            "allowFontScaling": false,
            "color": "#808080",
            "name": "ios-arrow-forward",
            "size": 20,
            "style": Object {
              "alignSelf": "center",
              "justifyContent": "flex-end",
            },
          },
          "ref": null,
          "rendered": null,
          "type": [Function],
        },
      ],
      "type": [Function],
    },
    "type": [Function],
  },
  Symbol(enzyme.__nodes__): Array [
    Object {
      "instance": null,
      "key": undefined,
      "nodeType": "class",
      "props": Object {
        "activeOpacity": 0.2,
        "children": <View
          style={
            Object {
              "flex": 1,
              "flexDirection": "row",
            }
          }
        >
          <Text
            accessible={true}
            allowFontScaling={true}
            ellipsizeMode="tail"
            style={
              Array [
                Object {},
                Object {
                  "flex": 1,
                },
              ]
            }
          >
            test
          </Text>
          <Icon
            allowFontScaling={false}
            color="#808080"
            name="ios-arrow-forward"
            size={20}
            style={
              Object {
                "alignSelf": "center",
                "justifyContent": "flex-end",
              }
            }
          />
        </View>,
        "onPress": [Function],
        "style": Object {
          "flex": 1,
        },
        "underlayColor": "#00000000",
      },
      "ref": null,
      "rendered": Object {
        "instance": null,
        "key": undefined,
        "nodeType": "class",
        "props": Object {
          "children": Array [
            <Text
              accessible={true}
              allowFontScaling={true}
              ellipsizeMode="tail"
              style={
                Array [
                  Object {},
                  Object {
                    "flex": 1,
                  },
                ]
              }
            >
              test
            </Text>,
            <Icon
              allowFontScaling={false}
              color="#808080"
              name="ios-arrow-forward"
              size={20}
              style={
                Object {
                  "alignSelf": "center",
                  "justifyContent": "flex-end",
                }
              }
            />,
          ],
          "style": Object {
            "flex": 1,
            "flexDirection": "row",
          },
        },
        "ref": null,
        "rendered": Array [
          Object {
            "instance": null,
            "key": undefined,
            "nodeType": "class",
            "props": Object {
              "accessible": true,
              "allowFontScaling": true,
              "children": "test",
              "ellipsizeMode": "tail",
              "style": Array [
                Object {},
                Object {
                  "flex": 1,
                },
              ],
            },
            "ref": null,
            "rendered": "test",
            "type": [Function],
          },
          Object {
            "instance": null,
            "key": undefined,
            "nodeType": "class",
            "props": Object {
              "allowFontScaling": false,
              "color": "#808080",
              "name": "ios-arrow-forward",
              "size": 20,
              "style": Object {
                "alignSelf": "center",
                "justifyContent": "flex-end",
              },
            },
            "ref": null,
            "rendered": null,
            "type": [Function],
          },
        ],
        "type": [Function],
      },
      "type": [Function],
    },
  ],
  Symbol(enzyme.__options__): Object {
    "adapter": ReactSixteenAdapter {
      "options": Object {
        "enableComponentDidUpdateOnSetState": true,
      },
    },
  },
}
`;
